// Jest Snapshot v1, https://goo.gl/fbAQLP

exports[`<App /> renders without crashing 1`] = `
<div>
  <div
    className="routeContainer"
  >
    <div
      className="Content_container"
    />
    <div
      className="sc-ifAKCX iIzwFJ"
    >
      <div
        className="sc-bdVaJa hFzOOv"
      >
        <div
          className="sc-bwzfXH jBrGUa"
        >
          <div>
            <img
              className="sc-bxivhb jiREkS"
              onClick={[Function]}
              src="/img/Logo_BW_SML.svg"
            />
          </div>
          <div>
            <button
              className="MuiButtonBase-root-27 MuiButton-root-1 MuiButton-text-3 MuiButton-flat-6 sc-htpNat dMcqFU"
              disabled={false}
              onBlur={[Function]}
              onClick={[Function]}
              onFocus={[Function]}
              onKeyDown={[Function]}
              onKeyUp={[Function]}
              onMouseDown={[Function]}
              onMouseLeave={[Function]}
              onMouseUp={[Function]}
              onTouchEnd={[Function]}
              onTouchMove={[Function]}
              onTouchStart={[Function]}
              tabIndex="0"
              type="button"
            >
              <span
                className="MuiButton-label-2"
              >
                Sign Up
              </span>
              <span
                className="MuiTouchRipple-root-30"
              />
            </button>
            <button
              className="MuiButtonBase-root-27 MuiButton-root-1 MuiButton-text-3 MuiButton-flat-6 sc-htpNat dMcqFU"
              disabled={false}
              onBlur={[Function]}
              onClick={[Function]}
              onFocus={[Function]}
              onKeyDown={[Function]}
              onKeyUp={[Function]}
              onMouseDown={[Function]}
              onMouseLeave={[Function]}
              onMouseUp={[Function]}
              onTouchEnd={[Function]}
              onTouchMove={[Function]}
              onTouchStart={[Function]}
              tabIndex="0"
              type="button"
            >
              <span
                className="MuiButton-label-2"
              >
                Sign In
              </span>
              <span
                className="MuiTouchRipple-root-30"
              />
            </button>
          </div>
        </div>
      </div>
      <div
        className="sc-EHOje iKFflp"
      >
        <h2
          className="sc-bZQynM fCAbAG"
        >
          What is a Knowledge Rocket?
        </h2>
        <div
          className="sc-htoDjs bsUlVr"
        >
          <div
            className="sc-dnqmqq fwKaRr"
          >
            <h3
              className="sc-gzVnrw caNqmJ"
            >
              Implementation
            </h3>
            <div
              className="sc-iwsKbI klDIwE"
            >
              <img
                className="sc-gZMcBi flLXQc"
                src="/img/amanda-sandlin-10508-unsplash.jpg"
              />
              <p
                className="sc-gqjmRU faHvtT"
              >
                Text for mid section here should not be very length but should contain enough information about this section.Text for mid section here should not be very length but should contain enough information about this section.
              </p>
            </div>
          </div>
          <div
            className="sc-dnqmqq fwKaRr"
          >
            <h3
              className="sc-gzVnrw caNqmJ"
            >
              Practice
            </h3>
            <div
              className="sc-iwsKbI klDIwE"
            >
              <img
                className="sc-gZMcBi cKudgZ"
                src="/img/erik-nielsen-783260-unsplash.jpg"
              />
              <p
                className="sc-gqjmRU faHvtT"
              >
                Text for mid section here should not be very length but should contain enough information about this section.Text for mid section here should not be very length but should contain enough information about this section.Text for mid section here should not be very length but should contain enough information about this section.
              </p>
            </div>
          </div>
          <div
            className="sc-dnqmqq fwKaRr"
          >
            <h3
              className="sc-gzVnrw caNqmJ"
            >
              Results
            </h3>
            <div
              className="sc-iwsKbI klDIwE"
            >
              <img
                className="sc-gZMcBi cMjvs"
                src="/img/bryan-minear-315814-unsplash.jpg"
              />
              <p
                className="sc-gqjmRU faHvtT"
              >
                Text for mid section here should not be very length but should contain enough information about this section.Text for mid section here should not be very length but should contain enough information about this section.
              </p>
            </div>
          </div>
        </div>
      </div>
      <div
        className="sc-VigVT dFrDii"
      >
        <button
          className="MuiButtonBase-root-27 MuiButton-root-1 MuiButton-text-3 MuiButton-flat-6 sc-htpNat dMcqFU"
          disabled={false}
          onBlur={[Function]}
          onClick={[Function]}
          onFocus={[Function]}
          onKeyDown={[Function]}
          onKeyUp={[Function]}
          onMouseDown={[Function]}
          onMouseLeave={[Function]}
          onMouseUp={[Function]}
          onTouchEnd={[Function]}
          onTouchMove={[Function]}
          onTouchStart={[Function]}
          tabIndex="0"
          type="button"
        >
          <span
            className="MuiButton-label-2"
          >
            CONTACT US
          </span>
          <span
            className="MuiTouchRipple-root-30"
          />
        </button>
        <button
          className="MuiButtonBase-root-27 MuiButton-root-1 MuiButton-text-3 MuiButton-flat-6 sc-htpNat dMcqFU"
          disabled={false}
          onBlur={[Function]}
          onClick={[Function]}
          onFocus={[Function]}
          onKeyDown={[Function]}
          onKeyUp={[Function]}
          onMouseDown={[Function]}
          onMouseLeave={[Function]}
          onMouseUp={[Function]}
          onTouchEnd={[Function]}
          onTouchMove={[Function]}
          onTouchStart={[Function]}
          tabIndex="0"
          type="button"
        >
          <span
            className="MuiButton-label-2"
          >
            SIGN UP
          </span>
          <span
            className="MuiTouchRipple-root-30"
          />
        </button>
        <button
          className="MuiButtonBase-root-27 MuiButton-root-1 MuiButton-text-3 MuiButton-flat-6 sc-htpNat dMcqFU"
          disabled={false}
          onBlur={[Function]}
          onClick={[Function]}
          onFocus={[Function]}
          onKeyDown={[Function]}
          onKeyUp={[Function]}
          onMouseDown={[Function]}
          onMouseLeave={[Function]}
          onMouseUp={[Function]}
          onTouchEnd={[Function]}
          onTouchMove={[Function]}
          onTouchStart={[Function]}
          tabIndex="0"
          type="button"
        >
          <span
            className="MuiButton-label-2"
          >
            SIGN IN
          </span>
          <span
            className="MuiTouchRipple-root-30"
          />
        </button>
      </div>
    </div>
  </div>
</div>
`;
