// Jest Snapshot v1, https://goo.gl/fbAQLP

exports[`CohortList renders correctly 1`] = `
<div
  className="sc-htoDjs kyccTz"
>
  <div
    className="sc-iwsKbI cUACTR"
  >
    <div
      className="MuiPaper-root-2 MuiPaper-elevation1-5 MuiPaper-rounded-3 MuiCard-root-1 sc-bwzfXH kDnGSd"
    >
      <div
        className="MuiCardContent-root-29 sc-htpNat dHKBck"
      >
        <div
          className="sc-bxivhb eSNphu"
        >
          <div>
            <div
              style={
                Object {
                  "height": "24px",
                  "visibility": "hidden",
                }
              }
            >
              <div>
                
              </div>
            </div>
          </div>
        </div>
        <div
          className="sc-ifAKCX bFYCQJ"
        >
          <div>
            <div
              className="sc-EHOje cugktn"
            >
              Add New Cohort
            </div>
            <hr
              className="sc-bZQynM ihzXMZ"
            />
            <div
              style={
                Object {
                  "alignItems": "center",
                  "display": "flex",
                  "flexDirection": "column",
                  "height": "100%",
                  "justifyContent": "center",
                  "width": "100%",
                }
              }
            >
              <div
                style={
                  Object {
                    "alignItems": "center",
                    "display": "flex",
                    "flexDirection": "column",
                    "height": "100%",
                    "justifyContent": "center",
                    "width": "100%",
                  }
                }
              >
                <div
                  className="sc-gzVnrw iRWGmU"
                >
                  <div
                    className="nestedAdd"
                  >
                    <p
                      style={
                        Object {
                          "marginBottom": "0.5rem",
                        }
                      }
                    />
                    <button
                      className="MuiButtonBase-root-56 MuiButton-root-30 MuiButton-fab-47 MuiButton-contained-41 MuiButton-containedPrimary-42 MuiButton-raised-44 MuiButton-raisedPrimary-45"
                      disabled={false}
                      onBlur={[Function]}
                      onClick={[Function]}
                      onFocus={[Function]}
                      onKeyDown={[Function]}
                      onKeyUp={[Function]}
                      onMouseDown={[Function]}
                      onMouseLeave={[Function]}
                      onMouseUp={[Function]}
                      onTouchEnd={[Function]}
                      onTouchMove={[Function]}
                      onTouchStart={[Function]}
                      tabIndex="0"
                      type="button"
                    >
                      <span
                        className="MuiButton-label-31"
                      >
                        <svg
                          aria-hidden="true"
                          className="MuiSvgIcon-root-59"
                          color={undefined}
                          focusable="false"
                          viewBox="0 0 24 24"
                        >
                          <path
                            d="M19 13h-6v6h-2v-6H5v-2h6V5h2v6h6v2z"
                          />
                          <path
                            d="M0 0h24v24H0z"
                            fill="none"
                          />
                        </svg>
                      </span>
                      <span
                        className="MuiTouchRipple-root-66"
                      />
                    </button>
                  </div>
                </div>
              </div>
            </div>
          </div>
        </div>
      </div>
    </div>
    <div
      className="MuiPaper-root-2 MuiPaper-elevation1-5 MuiPaper-rounded-3 MuiCard-root-1 sc-bwzfXH kDnGSd"
    >
      <div
        className="MuiCardContent-root-29 sc-htpNat dHKBck"
      >
        <div
          className="sc-bxivhb eSNphu"
        >
          <div>
            <div
              style={
                Object {
                  "height": "24px",
                  "visibility": "hidden",
                }
              }
            >
              <div>
                
              </div>
            </div>
          </div>
        </div>
        <div
          className="sc-ifAKCX bFYCQJ"
        >
          <div
            style={
              Object {
                "alignItems": "flex-start",
                "display": "flex",
                "flexDirection": "column",
                "justifyContent": "flex-start",
                "width": "100%",
              }
            }
          >
            <div
              className="sc-EHOje cugktn"
            >
              
            </div>
            <hr
              className="sc-bZQynM ihzXMZ"
              style={
                Object {
                  "width": "100%",
                }
              }
            />
            <div
              style={
                Object {
                  "display": "flex",
                  "flexDirection": "column",
                  "height": "95px",
                  "justifyContent": "space-between",
                }
              }
            >
              <p>
                Total Students:	
                <span
                  style={
                    Object {
                      "fontWeight": "900",
                    }
                  }
                >
                  (1)
                </span>
              </p>
              <p>
                Participation:	
                <span
                  style={
                    Object {
                      "fontWeight": "900",
                    }
                  }
                >
                  (100%)
                </span>
              </p>
              <p>
                Rockets Sent:	
                <span
                  style={
                    Object {
                      "fontWeight": "900",
                    }
                  }
                >
                  (0)
                </span>
              </p>
            </div>
          </div>
        </div>
        <a
          href="/rocket/classform/undefined"
          onClick={[Function]}
          style={
            Object {
              "textDecoration": "none",
            }
          }
        >
          <button
            className="MuiButtonBase-root-56 MuiButton-root-30 MuiButton-contained-41 MuiButton-containedPrimary-42 MuiButton-raised-44 MuiButton-raisedPrimary-45"
            disabled={false}
            onBlur={[Function]}
            onClick={[Function]}
            onFocus={[Function]}
            onKeyDown={[Function]}
            onKeyUp={[Function]}
            onMouseDown={[Function]}
            onMouseLeave={[Function]}
            onMouseUp={[Function]}
            onTouchEnd={[Function]}
            onTouchMove={[Function]}
            onTouchStart={[Function]}
            tabIndex="0"
            type="button"
          >
            <span
              className="MuiButton-label-31"
            >
              View
            </span>
            <span
              className="MuiTouchRipple-root-66"
            />
          </button>
        </a>
      </div>
    </div>
  </div>
</div>
`;
