// Jest Snapshot v1, https://goo.gl/fbAQLP

exports[`CohortList renders correctly 1`] = `
<div
  className="CohortListContainer"
>
  <div
    className="MuiPaper-root-2 MuiPaper-elevation1-5 MuiPaper-rounded-3 MuiCard-root-1 AddButtonCard"
  >
    <div
      className="MuiCardContent-root-29 CohortCard_AddBtn"
    >
      <p>
        Add a new class
      </p>
      <button
        className="MuiButtonBase-root-56 MuiButton-root-30 MuiButton-fab-47 MuiButton-contained-41 MuiButton-containedPrimary-42 MuiButton-raised-44 MuiButton-raisedPrimary-45"
        disabled={false}
        onBlur={[Function]}
        onFocus={[Function]}
        onKeyDown={[Function]}
        onKeyUp={[Function]}
        onMouseDown={[Function]}
        onMouseLeave={[Function]}
        onMouseUp={[Function]}
        onTouchEnd={[Function]}
        onTouchMove={[Function]}
        onTouchStart={[Function]}
        tabIndex="0"
        type="button"
      >
        <span
          className="MuiButton-label-31"
        >
          <svg
            aria-hidden="true"
            className="MuiSvgIcon-root-59"
            color={undefined}
            focusable="false"
            viewBox="0 0 24 24"
          >
            <path
              d="M19 13h-6v6h-2v-6H5v-2h6V5h2v6h6v2z"
            />
            <path
              d="M0 0h24v24H0z"
              fill="none"
            />
          </svg>
        </span>
        <span
          className="MuiTouchRipple-root-66"
        />
      </button>
    </div>
  </div>
</div>
`;
